2025-08-12 13:27:23,883 [Worker-6: Loading available Gradle versions] INFO  o.e.b.c.i.u.g.PublishedGradleVersions - Gradle version information cache is not available. Remote download required.
2025-08-12 13:31:33,759 [Worker-4: Loading available Gradle versions] INFO  o.e.b.c.i.u.g.PublishedGradleVersions - Gradle version information cache is up-to-date. Trying to read.
2025-08-12 13:32:39,806 [Worker-9: Launching mavenrun-eedc27cc-8c82-4374-9957-24ef45198b60] INFO  o.eclipse.m2e.core.internal.Bundles - getClasspathEntries(Bundle=org.eclipse.m2e.maven.runtime_3.9.900.20240824-1409 [638])
2025-08-12 13:32:39,813 [Worker-9: Launching mavenrun-eedc27cc-8c82-4374-9957-24ef45198b60] INFO  o.eclipse.m2e.core.internal.Bundles - 	Entry: C:\Users\BETU\.p2\pool\plugins\org.eclipse.m2e.maven.runtime_3.9.900.20240824-1409
2025-08-12 13:32:39,814 [Worker-9: Launching mavenrun-eedc27cc-8c82-4374-9957-24ef45198b60] INFO  o.eclipse.m2e.core.internal.Bundles - 	Entry: C:\Users\BETU\.p2\pool\plugins\org.eclipse.m2e.maven.runtime_3.9.900.20240824-1409\jars\aopalliance-1.0.jar
2025-08-12 13:32:39,814 [Worker-9: Launching mavenrun-eedc27cc-8c82-4374-9957-24ef45198b60] INFO  o.eclipse.m2e.core.internal.Bundles - 	Entry: C:\Users\BETU\.p2\pool\plugins\org.eclipse.m2e.maven.runtime_3.9.900.20240824-1409\jars\guice-5.1.0.jar
2025-08-12 13:32:39,815 [Worker-9: Launching mavenrun-eedc27cc-8c82-4374-9957-24ef45198b60] INFO  o.eclipse.m2e.core.internal.Bundles - 	Entry: C:\Users\BETU\.p2\pool\plugins\org.eclipse.m2e.maven.runtime_3.9.900.20240824-1409\jars\httpclient-4.5.14.jar
2025-08-12 13:32:39,815 [Worker-9: Launching mavenrun-eedc27cc-8c82-4374-9957-24ef45198b60] INFO  o.eclipse.m2e.core.internal.Bundles - 	Entry: C:\Users\BETU\.p2\pool\plugins\org.eclipse.m2e.maven.runtime_3.9.900.20240824-1409\jars\httpcore-4.4.16.jar
2025-08-12 13:32:39,815 [Worker-9: Launching mavenrun-eedc27cc-8c82-4374-9957-24ef45198b60] INFO  o.eclipse.m2e.core.internal.Bundles - 	Entry: C:\Users\BETU\.p2\pool\plugins\org.eclipse.m2e.maven.runtime_3.9.900.20240824-1409\jars\jansi-2.4.1.jar
2025-08-12 13:32:39,815 [Worker-9: Launching mavenrun-eedc27cc-8c82-4374-9957-24ef45198b60] INFO  o.eclipse.m2e.core.internal.Bundles - 	Entry: C:\Users\BETU\.p2\pool\plugins\org.eclipse.m2e.maven.runtime_3.9.900.20240824-1409\jars\jcl-over-slf4j-1.7.36.jar
2025-08-12 13:32:39,815 [Worker-9: Launching mavenrun-eedc27cc-8c82-4374-9957-24ef45198b60] INFO  o.eclipse.m2e.core.internal.Bundles - 	Entry: C:\Users\BETU\.p2\pool\plugins\org.eclipse.m2e.maven.runtime_3.9.900.20240824-1409\jars\maven-artifact-3.9.9.jar
2025-08-12 13:32:39,816 [Worker-9: Launching mavenrun-eedc27cc-8c82-4374-9957-24ef45198b60] INFO  o.eclipse.m2e.core.internal.Bundles - 	Entry: C:\Users\BETU\.p2\pool\plugins\org.eclipse.m2e.maven.runtime_3.9.900.20240824-1409\jars\maven-builder-support-3.9.9.jar
2025-08-12 13:32:39,816 [Worker-9: Launching mavenrun-eedc27cc-8c82-4374-9957-24ef45198b60] INFO  o.eclipse.m2e.core.internal.Bundles - 	Entry: C:\Users\BETU\.p2\pool\plugins\org.eclipse.m2e.maven.runtime_3.9.900.20240824-1409\jars\maven-compat-3.9.9.jar
2025-08-12 13:32:39,816 [Worker-9: Launching mavenrun-eedc27cc-8c82-4374-9957-24ef45198b60] INFO  o.eclipse.m2e.core.internal.Bundles - 	Entry: C:\Users\BETU\.p2\pool\plugins\org.eclipse.m2e.maven.runtime_3.9.900.20240824-1409\jars\maven-core-3.9.9.jar
2025-08-12 13:32:39,816 [Worker-9: Launching mavenrun-eedc27cc-8c82-4374-9957-24ef45198b60] INFO  o.eclipse.m2e.core.internal.Bundles - 	Entry: C:\Users\BETU\.p2\pool\plugins\org.eclipse.m2e.maven.runtime_3.9.900.20240824-1409\jars\maven-embedder-3.9.9.jar
2025-08-12 13:32:39,816 [Worker-9: Launching mavenrun-eedc27cc-8c82-4374-9957-24ef45198b60] INFO  o.eclipse.m2e.core.internal.Bundles - 	Entry: C:\Users\BETU\.p2\pool\plugins\org.eclipse.m2e.maven.runtime_3.9.900.20240824-1409\jars\maven-model-3.9.9.jar
2025-08-12 13:32:39,816 [Worker-9: Launching mavenrun-eedc27cc-8c82-4374-9957-24ef45198b60] INFO  o.eclipse.m2e.core.internal.Bundles - 	Entry: C:\Users\BETU\.p2\pool\plugins\org.eclipse.m2e.maven.runtime_3.9.900.20240824-1409\jars\maven-model-builder-3.9.9.jar
2025-08-12 13:32:39,817 [Worker-9: Launching mavenrun-eedc27cc-8c82-4374-9957-24ef45198b60] INFO  o.eclipse.m2e.core.internal.Bundles - 	Entry: C:\Users\BETU\.p2\pool\plugins\org.eclipse.m2e.maven.runtime_3.9.900.20240824-1409\jars\maven-plugin-api-3.9.9.jar
2025-08-12 13:32:39,817 [Worker-9: Launching mavenrun-eedc27cc-8c82-4374-9957-24ef45198b60] INFO  o.eclipse.m2e.core.internal.Bundles - 	Entry: C:\Users\BETU\.p2\pool\plugins\org.eclipse.m2e.maven.runtime_3.9.900.20240824-1409\jars\maven-repository-metadata-3.9.9.jar
2025-08-12 13:32:39,817 [Worker-9: Launching mavenrun-eedc27cc-8c82-4374-9957-24ef45198b60] INFO  o.eclipse.m2e.core.internal.Bundles - 	Entry: C:\Users\BETU\.p2\pool\plugins\org.eclipse.m2e.maven.runtime_3.9.900.20240824-1409\jars\maven-resolver-api-1.9.22.jar
2025-08-12 13:32:39,817 [Worker-9: Launching mavenrun-eedc27cc-8c82-4374-9957-24ef45198b60] INFO  o.eclipse.m2e.core.internal.Bundles - 	Entry: C:\Users\BETU\.p2\pool\plugins\org.eclipse.m2e.maven.runtime_3.9.900.20240824-1409\jars\maven-resolver-connector-basic-1.9.22.jar
2025-08-12 13:32:39,818 [Worker-9: Launching mavenrun-eedc27cc-8c82-4374-9957-24ef45198b60] INFO  o.eclipse.m2e.core.internal.Bundles - 	Entry: C:\Users\BETU\.p2\pool\plugins\org.eclipse.m2e.maven.runtime_3.9.900.20240824-1409\jars\maven-resolver-impl-1.9.22.jar
2025-08-12 13:32:39,818 [Worker-9: Launching mavenrun-eedc27cc-8c82-4374-9957-24ef45198b60] INFO  o.eclipse.m2e.core.internal.Bundles - 	Entry: C:\Users\BETU\.p2\pool\plugins\org.eclipse.m2e.maven.runtime_3.9.900.20240824-1409\jars\maven-resolver-named-locks-1.9.22.jar
2025-08-12 13:32:39,818 [Worker-9: Launching mavenrun-eedc27cc-8c82-4374-9957-24ef45198b60] INFO  o.eclipse.m2e.core.internal.Bundles - 	Entry: C:\Users\BETU\.p2\pool\plugins\org.eclipse.m2e.maven.runtime_3.9.900.20240824-1409\jars\maven-resolver-provider-3.9.9.jar
2025-08-12 13:32:39,818 [Worker-9: Launching mavenrun-eedc27cc-8c82-4374-9957-24ef45198b60] INFO  o.eclipse.m2e.core.internal.Bundles - 	Entry: C:\Users\BETU\.p2\pool\plugins\org.eclipse.m2e.maven.runtime_3.9.900.20240824-1409\jars\maven-resolver-spi-1.9.22.jar
2025-08-12 13:32:39,818 [Worker-9: Launching mavenrun-eedc27cc-8c82-4374-9957-24ef45198b60] INFO  o.eclipse.m2e.core.internal.Bundles - 	Entry: C:\Users\BETU\.p2\pool\plugins\org.eclipse.m2e.maven.runtime_3.9.900.20240824-1409\jars\maven-resolver-transport-file-1.9.22.jar
2025-08-12 13:32:39,819 [Worker-9: Launching mavenrun-eedc27cc-8c82-4374-9957-24ef45198b60] INFO  o.eclipse.m2e.core.internal.Bundles - 	Entry: C:\Users\BETU\.p2\pool\plugins\org.eclipse.m2e.maven.runtime_3.9.900.20240824-1409\jars\maven-resolver-transport-http-1.9.22.jar
2025-08-12 13:32:39,819 [Worker-9: Launching mavenrun-eedc27cc-8c82-4374-9957-24ef45198b60] INFO  o.eclipse.m2e.core.internal.Bundles - 	Entry: C:\Users\BETU\.p2\pool\plugins\org.eclipse.m2e.maven.runtime_3.9.900.20240824-1409\jars\maven-resolver-transport-wagon-1.9.22.jar
2025-08-12 13:32:39,819 [Worker-9: Launching mavenrun-eedc27cc-8c82-4374-9957-24ef45198b60] INFO  o.eclipse.m2e.core.internal.Bundles - 	Entry: C:\Users\BETU\.p2\pool\plugins\org.eclipse.m2e.maven.runtime_3.9.900.20240824-1409\jars\maven-resolver-util-1.9.22.jar
2025-08-12 13:32:39,819 [Worker-9: Launching mavenrun-eedc27cc-8c82-4374-9957-24ef45198b60] INFO  o.eclipse.m2e.core.internal.Bundles - 	Entry: C:\Users\BETU\.p2\pool\plugins\org.eclipse.m2e.maven.runtime_3.9.900.20240824-1409\jars\maven-settings-3.9.9.jar
2025-08-12 13:32:39,819 [Worker-9: Launching mavenrun-eedc27cc-8c82-4374-9957-24ef45198b60] INFO  o.eclipse.m2e.core.internal.Bundles - 	Entry: C:\Users\BETU\.p2\pool\plugins\org.eclipse.m2e.maven.runtime_3.9.900.20240824-1409\jars\maven-settings-builder-3.9.9.jar
2025-08-12 13:32:39,819 [Worker-9: Launching mavenrun-eedc27cc-8c82-4374-9957-24ef45198b60] INFO  o.eclipse.m2e.core.internal.Bundles - 	Entry: C:\Users\BETU\.p2\pool\plugins\org.eclipse.m2e.maven.runtime_3.9.900.20240824-1409\jars\maven-shared-utils-3.4.2.jar
2025-08-12 13:32:39,819 [Worker-9: Launching mavenrun-eedc27cc-8c82-4374-9957-24ef45198b60] INFO  o.eclipse.m2e.core.internal.Bundles - 	Entry: C:\Users\BETU\.p2\pool\plugins\org.eclipse.m2e.maven.runtime_3.9.900.20240824-1409\jars\org.eclipse.sisu.inject-0.9.0.M3.jar
2025-08-12 13:32:39,819 [Worker-9: Launching mavenrun-eedc27cc-8c82-4374-9957-24ef45198b60] INFO  o.eclipse.m2e.core.internal.Bundles - 	Entry: C:\Users\BETU\.p2\pool\plugins\org.eclipse.m2e.maven.runtime_3.9.900.20240824-1409\jars\org.eclipse.sisu.plexus-0.9.0.M3.jar
2025-08-12 13:32:39,820 [Worker-9: Launching mavenrun-eedc27cc-8c82-4374-9957-24ef45198b60] INFO  o.eclipse.m2e.core.internal.Bundles - 	Entry: C:\Users\BETU\.p2\pool\plugins\org.eclipse.m2e.maven.runtime_3.9.900.20240824-1409\jars\plexus-build-api-0.0.7.jar
2025-08-12 13:32:39,820 [Worker-9: Launching mavenrun-eedc27cc-8c82-4374-9957-24ef45198b60] INFO  o.eclipse.m2e.core.internal.Bundles - 	Entry: C:\Users\BETU\.p2\pool\plugins\org.eclipse.m2e.maven.runtime_3.9.900.20240824-1409\jars\plexus-build-api-1.2.0.jar
2025-08-12 13:32:39,820 [Worker-9: Launching mavenrun-eedc27cc-8c82-4374-9957-24ef45198b60] INFO  o.eclipse.m2e.core.internal.Bundles - 	Entry: C:\Users\BETU\.p2\pool\plugins\org.eclipse.m2e.maven.runtime_3.9.900.20240824-1409\jars\plexus-cipher-2.0.jar
2025-08-12 13:32:39,820 [Worker-9: Launching mavenrun-eedc27cc-8c82-4374-9957-24ef45198b60] INFO  o.eclipse.m2e.core.internal.Bundles - 	Entry: C:\Users\BETU\.p2\pool\plugins\org.eclipse.m2e.maven.runtime_3.9.900.20240824-1409\jars\plexus-classworlds-2.8.0.jar
2025-08-12 13:32:39,820 [Worker-9: Launching mavenrun-eedc27cc-8c82-4374-9957-24ef45198b60] INFO  o.eclipse.m2e.core.internal.Bundles - 	Entry: C:\Users\BETU\.p2\pool\plugins\org.eclipse.m2e.maven.runtime_3.9.900.20240824-1409\jars\plexus-component-annotations-2.1.0.jar
2025-08-12 13:32:39,820 [Worker-9: Launching mavenrun-eedc27cc-8c82-4374-9957-24ef45198b60] INFO  o.eclipse.m2e.core.internal.Bundles - 	Entry: C:\Users\BETU\.p2\pool\plugins\org.eclipse.m2e.maven.runtime_3.9.900.20240824-1409\jars\plexus-interpolation-1.27.jar
2025-08-12 13:32:39,820 [Worker-9: Launching mavenrun-eedc27cc-8c82-4374-9957-24ef45198b60] INFO  o.eclipse.m2e.core.internal.Bundles - 	Entry: C:\Users\BETU\.p2\pool\plugins\org.eclipse.m2e.maven.runtime_3.9.900.20240824-1409\jars\plexus-sec-dispatcher-2.0.jar
2025-08-12 13:32:39,820 [Worker-9: Launching mavenrun-eedc27cc-8c82-4374-9957-24ef45198b60] INFO  o.eclipse.m2e.core.internal.Bundles - 	Entry: C:\Users\BETU\.p2\pool\plugins\org.eclipse.m2e.maven.runtime_3.9.900.20240824-1409\jars\plexus-utils-3.5.1.jar
2025-08-12 13:32:39,820 [Worker-9: Launching mavenrun-eedc27cc-8c82-4374-9957-24ef45198b60] INFO  o.eclipse.m2e.core.internal.Bundles - 	Entry: C:\Users\BETU\.p2\pool\plugins\org.eclipse.m2e.maven.runtime_3.9.900.20240824-1409\jars\plexus-xml-3.0.1.jar
2025-08-12 13:32:39,820 [Worker-9: Launching mavenrun-eedc27cc-8c82-4374-9957-24ef45198b60] INFO  o.eclipse.m2e.core.internal.Bundles - 	Entry: C:\Users\BETU\.p2\pool\plugins\org.eclipse.m2e.maven.runtime_3.9.900.20240824-1409\jars\wagon-file-3.5.3.jar
2025-08-12 13:32:39,820 [Worker-9: Launching mavenrun-eedc27cc-8c82-4374-9957-24ef45198b60] INFO  o.eclipse.m2e.core.internal.Bundles - 	Entry: C:\Users\BETU\.p2\pool\plugins\org.eclipse.m2e.maven.runtime_3.9.900.20240824-1409\jars\wagon-http-3.5.3.jar
2025-08-12 13:32:39,820 [Worker-9: Launching mavenrun-eedc27cc-8c82-4374-9957-24ef45198b60] INFO  o.eclipse.m2e.core.internal.Bundles - 	Entry: C:\Users\BETU\.p2\pool\plugins\org.eclipse.m2e.maven.runtime_3.9.900.20240824-1409\jars\wagon-http-shared-3.5.3.jar
2025-08-12 13:32:39,820 [Worker-9: Launching mavenrun-eedc27cc-8c82-4374-9957-24ef45198b60] INFO  o.eclipse.m2e.core.internal.Bundles - 	Entry: C:\Users\BETU\.p2\pool\plugins\org.eclipse.m2e.maven.runtime_3.9.900.20240824-1409\jars\wagon-provider-api-3.5.3.jar
2025-08-12 13:32:39,822 [Worker-9: Launching mavenrun-eedc27cc-8c82-4374-9957-24ef45198b60] INFO  o.eclipse.m2e.core.internal.Bundles - getClasspathEntries(Bundle=com.google.guava_33.3.1.jre [16])
2025-08-12 13:32:39,823 [Worker-9: Launching mavenrun-eedc27cc-8c82-4374-9957-24ef45198b60] INFO  o.eclipse.m2e.core.internal.Bundles - 	Entry: C:\Users\BETU\.p2\pool\plugins\com.google.guava_33.3.1.jre.jar
2025-08-12 13:32:39,823 [Worker-9: Launching mavenrun-eedc27cc-8c82-4374-9957-24ef45198b60] INFO  o.eclipse.m2e.core.internal.Bundles - getClasspathEntries(Bundle=slf4j.api_2.0.16 [1005])
2025-08-12 13:32:39,824 [Worker-9: Launching mavenrun-eedc27cc-8c82-4374-9957-24ef45198b60] INFO  o.eclipse.m2e.core.internal.Bundles - 	Entry: C:\Users\BETU\.p2\pool\plugins\slf4j.api_2.0.16.jar
2025-08-12 13:32:39,824 [Worker-9: Launching mavenrun-eedc27cc-8c82-4374-9957-24ef45198b60] INFO  o.eclipse.m2e.core.internal.Bundles - getClasspathEntries(Bundle=jakarta.inject.jakarta.inject-api_1.0.5 [34])
2025-08-12 13:32:39,825 [Worker-9: Launching mavenrun-eedc27cc-8c82-4374-9957-24ef45198b60] INFO  o.eclipse.m2e.core.internal.Bundles - 	Entry: C:\Users\BETU\.p2\pool\plugins\jakarta.inject.jakarta.inject-api_1.0.5.jar
2025-08-12 13:32:39,825 [Worker-9: Launching mavenrun-eedc27cc-8c82-4374-9957-24ef45198b60] INFO  o.eclipse.m2e.core.internal.Bundles - getClasspathEntries(Bundle=jakarta.annotation-api_1.3.5 [29])
2025-08-12 13:32:39,825 [Worker-9: Launching mavenrun-eedc27cc-8c82-4374-9957-24ef45198b60] INFO  o.eclipse.m2e.core.internal.Bundles - 	Entry: C:\Users\BETU\.p2\pool\plugins\jakarta.annotation-api_1.3.5.jar
2025-08-12 13:32:39,825 [Worker-9: Launching mavenrun-eedc27cc-8c82-4374-9957-24ef45198b60] INFO  o.eclipse.m2e.core.internal.Bundles - getClasspathEntries(Bundle=org.apache.commons.cli_1.9.0 [75])
2025-08-12 13:32:39,826 [Worker-9: Launching mavenrun-eedc27cc-8c82-4374-9957-24ef45198b60] INFO  o.eclipse.m2e.core.internal.Bundles - 	Entry: C:\Users\BETU\.p2\pool\plugins\org.apache.commons.cli_1.9.0.jar
2025-08-12 13:32:39,826 [Worker-9: Launching mavenrun-eedc27cc-8c82-4374-9957-24ef45198b60] INFO  o.eclipse.m2e.core.internal.Bundles - getClasspathEntries(Bundle=org.apache.commons.commons-codec_1.16.0 [78])
2025-08-12 13:32:39,826 [Worker-9: Launching mavenrun-eedc27cc-8c82-4374-9957-24ef45198b60] INFO  o.eclipse.m2e.core.internal.Bundles - 	Entry: C:\Users\BETU\.p2\pool\plugins\org.apache.commons.commons-codec_1.16.0.jar
2025-08-12 13:32:39,826 [Worker-9: Launching mavenrun-eedc27cc-8c82-4374-9957-24ef45198b60] INFO  o.eclipse.m2e.core.internal.Bundles - getClasspathEntries(Bundle=com.google.guava.failureaccess_1.0.2 [17])
2025-08-12 13:32:39,826 [Worker-9: Launching mavenrun-eedc27cc-8c82-4374-9957-24ef45198b60] INFO  o.eclipse.m2e.core.internal.Bundles - 	Entry: C:\Users\BETU\.p2\pool\plugins\com.google.guava.failureaccess_1.0.2.jar
2025-08-12 13:32:39,833 [Worker-9: Launching mavenrun-eedc27cc-8c82-4374-9957-24ef45198b60] INFO  o.e.m.i.launch.MavenLaunchDelegate - Run build in "C:\Users\BETU\AppData\Local\Temp\m2e-archetypeGenerator9407537740249191306":
2025-08-12 13:32:39,839 [Worker-9: Launching mavenrun-eedc27cc-8c82-4374-9957-24ef45198b60] INFO  o.e.m.i.launch.MavenLaunchDelegate -  mvn  -DarchetypeGroupId=org.apache.maven.archetypes -DarchetypeArtifactId=maven-archetype-webapp -DarchetypeVersion=1.0 -DgroupId=com.univ -DartifactId=Spring-MVC -Dversion=0.0.1-SNAPSHOT -Dpackage=com.univ -DoutputDirectory=C:\Users\BETU\Desktop\coading\Spring-MVC -Dstyle.color=always -U archetype:generate
2025-08-12 13:36:29,870 [Worker-7: Loading available Gradle versions] INFO  o.e.b.c.i.u.g.PublishedGradleVersions - Gradle version information cache is up-to-date. Trying to read.
